// Jest Snapshot v1, https://goo.gl/fbAQLP

exports[`ResultScreen should be able to render 1`] = `<ResultLit />`;
